Archive member included to satisfy reference by file (symbol)

/opt/st/stm32cubeclt_1.16.0/GNU-tools-for-STM32/bin/../lib/gcc/arm-none-eabi/12.3.1/../../../../arm-none-eabi/lib/thumb/v7-m/nofp/libc_nano.a(libc_a-exit.o)
                              /opt/st/stm32cubeclt_1.16.0/GNU-tools-for-STM32/bin/../lib/gcc/arm-none-eabi/12.3.1/../../../../arm-none-eabi/lib/thumb/v7-m/nofp/crt0.o (exit)
/opt/st/stm32cubeclt_1.16.0/GNU-tools-for-STM32/bin/../lib/gcc/arm-none-eabi/12.3.1/../../../../arm-none-eabi/lib/thumb/v7-m/nofp/libc_nano.a(libc_a-findfp.o)
                              /opt/st/stm32cubeclt_1.16.0/GNU-tools-for-STM32/bin/../lib/gcc/arm-none-eabi/12.3.1/../../../../arm-none-eabi/lib/thumb/v7-m/nofp/libc_nano.a(libc_a-exit.o) (__stdio_exit_handler)
/opt/st/stm32cubeclt_1.16.0/GNU-tools-for-STM32/bin/../lib/gcc/arm-none-eabi/12.3.1/../../../../arm-none-eabi/lib/thumb/v7-m/nofp/libc_nano.a(libc_a-fwalk.o)
                              /opt/st/stm32cubeclt_1.16.0/GNU-tools-for-STM32/bin/../lib/gcc/arm-none-eabi/12.3.1/../../../../arm-none-eabi/lib/thumb/v7-m/nofp/libc_nano.a(libc_a-findfp.o) (_fwalk_sglue)
/opt/st/stm32cubeclt_1.16.0/GNU-tools-for-STM32/bin/../lib/gcc/arm-none-eabi/12.3.1/../../../../arm-none-eabi/lib/thumb/v7-m/nofp/libc_nano.a(libc_a-stdio.o)
                              /opt/st/stm32cubeclt_1.16.0/GNU-tools-for-STM32/bin/../lib/gcc/arm-none-eabi/12.3.1/../../../../arm-none-eabi/lib/thumb/v7-m/nofp/libc_nano.a(libc_a-findfp.o) (__sread)
/opt/st/stm32cubeclt_1.16.0/GNU-tools-for-STM32/bin/../lib/gcc/arm-none-eabi/12.3.1/../../../../arm-none-eabi/lib/thumb/v7-m/nofp/libc_nano.a(libc_a-memset.o)
                              /opt/st/stm32cubeclt_1.16.0/GNU-tools-for-STM32/bin/../lib/gcc/arm-none-eabi/12.3.1/../../../../arm-none-eabi/lib/thumb/v7-m/nofp/crt0.o (memset)
/opt/st/stm32cubeclt_1.16.0/GNU-tools-for-STM32/bin/../lib/gcc/arm-none-eabi/12.3.1/../../../../arm-none-eabi/lib/thumb/v7-m/nofp/libc_nano.a(libc_a-closer.o)
                              /opt/st/stm32cubeclt_1.16.0/GNU-tools-for-STM32/bin/../lib/gcc/arm-none-eabi/12.3.1/../../../../arm-none-eabi/lib/thumb/v7-m/nofp/libc_nano.a(libc_a-stdio.o) (_close_r)
/opt/st/stm32cubeclt_1.16.0/GNU-tools-for-STM32/bin/../lib/gcc/arm-none-eabi/12.3.1/../../../../arm-none-eabi/lib/thumb/v7-m/nofp/libc_nano.a(libc_a-reent.o)
                              /opt/st/stm32cubeclt_1.16.0/GNU-tools-for-STM32/bin/../lib/gcc/arm-none-eabi/12.3.1/../../../../arm-none-eabi/lib/thumb/v7-m/nofp/libc_nano.a(libc_a-closer.o) (errno)
/opt/st/stm32cubeclt_1.16.0/GNU-tools-for-STM32/bin/../lib/gcc/arm-none-eabi/12.3.1/../../../../arm-none-eabi/lib/thumb/v7-m/nofp/libc_nano.a(libc_a-impure.o)
                              /opt/st/stm32cubeclt_1.16.0/GNU-tools-for-STM32/bin/../lib/gcc/arm-none-eabi/12.3.1/../../../../arm-none-eabi/lib/thumb/v7-m/nofp/libc_nano.a(libc_a-reent.o) (_impure_ptr)
/opt/st/stm32cubeclt_1.16.0/GNU-tools-for-STM32/bin/../lib/gcc/arm-none-eabi/12.3.1/../../../../arm-none-eabi/lib/thumb/v7-m/nofp/libc_nano.a(libc_a-lseekr.o)
                              /opt/st/stm32cubeclt_1.16.0/GNU-tools-for-STM32/bin/../lib/gcc/arm-none-eabi/12.3.1/../../../../arm-none-eabi/lib/thumb/v7-m/nofp/libc_nano.a(libc_a-stdio.o) (_lseek_r)
/opt/st/stm32cubeclt_1.16.0/GNU-tools-for-STM32/bin/../lib/gcc/arm-none-eabi/12.3.1/../../../../arm-none-eabi/lib/thumb/v7-m/nofp/libc_nano.a(libc_a-readr.o)
                              /opt/st/stm32cubeclt_1.16.0/GNU-tools-for-STM32/bin/../lib/gcc/arm-none-eabi/12.3.1/../../../../arm-none-eabi/lib/thumb/v7-m/nofp/libc_nano.a(libc_a-stdio.o) (_read_r)
/opt/st/stm32cubeclt_1.16.0/GNU-tools-for-STM32/bin/../lib/gcc/arm-none-eabi/12.3.1/../../../../arm-none-eabi/lib/thumb/v7-m/nofp/libc_nano.a(libc_a-writer.o)
                              /opt/st/stm32cubeclt_1.16.0/GNU-tools-for-STM32/bin/../lib/gcc/arm-none-eabi/12.3.1/../../../../arm-none-eabi/lib/thumb/v7-m/nofp/libc_nano.a(libc_a-stdio.o) (_write_r)
/opt/st/stm32cubeclt_1.16.0/GNU-tools-for-STM32/bin/../lib/gcc/arm-none-eabi/12.3.1/../../../../arm-none-eabi/lib/thumb/v7-m/nofp/libc_nano.a(libc_a-init.o)
                              /opt/st/stm32cubeclt_1.16.0/GNU-tools-for-STM32/bin/../lib/gcc/arm-none-eabi/12.3.1/../../../../arm-none-eabi/lib/thumb/v7-m/nofp/crt0.o (__libc_init_array)
/opt/st/stm32cubeclt_1.16.0/GNU-tools-for-STM32/bin/../lib/gcc/arm-none-eabi/12.3.1/../../../../arm-none-eabi/lib/thumb/v7-m/nofp/libc_nano.a(libc_a-lock.o)
                              /opt/st/stm32cubeclt_1.16.0/GNU-tools-for-STM32/bin/../lib/gcc/arm-none-eabi/12.3.1/../../../../arm-none-eabi/lib/thumb/v7-m/nofp/libc_nano.a(libc_a-findfp.o) (__retarget_lock_init_recursive)
/opt/st/stm32cubeclt_1.16.0/GNU-tools-for-STM32/bin/../lib/gcc/arm-none-eabi/12.3.1/../../../../arm-none-eabi/lib/thumb/v7-m/nofp/libc_nano.a(libc_a-freer.o)
[...]
Memory Configuration

Name             Origin             Length             Attributes
RAM              0x20000000         0x00005000         xrw
FLASH            0x08000000         0x00010000         xr
*default*        0x00000000         0xffffffff

Linker script and memory map

LOAD /opt/st/stm32cubeclt_1.16.0/GNU-tools-for-STM32/bin/../lib/gcc/arm-none-eabi/12.3.1/thumb/v7-m/nofp/crti.o
LOAD /opt/st/stm32cubeclt_1.16.0/GNU-tools-for-STM32/bin/../lib/gcc/arm-none-eabi/12.3.1/thumb/v7-m/nofp/crtbegin.o
LOAD /opt/st/stm32cubeclt_1.16.0/GNU-tools-for-STM32/bin/../lib/gcc/arm-none-eabi/12.3.1/../../../../arm-none-eabi/lib/thumb/v7-m/nofp/crt0.o
START GROUP
LOAD /opt/st/stm32cubeclt_1.16.0/GNU-tools-for-STM32/bin/../lib/gcc/arm-none-eabi/12.3.1/../../../../arm-none-eabi/lib/thumb/v7-m/nofp/libc_nano.a
LOAD /opt/st/stm32cubeclt_1.16.0/GNU-tools-for-STM32/bin/../lib/gcc/arm-none-eabi/12.3.1/../../../../arm-none-eabi/lib/thumb/v7-m/nofp/libm.a
END GROUP
LOAD CMakeFiles/UART.dir/Core/Src/main.c.obj
LOAD CMakeFiles/UART.dir/Core/Src/stm32f1xx_it.c.obj
LOAD CMakeFiles/UART.dir/Core/Src/stm32f1xx_hal_msp.c.obj
LOAD CMakeFiles/UART.dir/Drivers/STM32F1xx_HAL_Driver/Src/stm32f1xx_hal_gpio_ex.c.obj
LOAD CMakeFiles/UART.dir/Drivers/STM32F1xx_HAL_Driver/Src/stm32f1xx_hal_tim.c.obj
LOAD CMakeFiles/UART.dir/Drivers/STM32F1xx_HAL_Driver/Src/stm32f1xx_hal_tim_ex.c.obj
LOAD CMakeFiles/UART.dir/Drivers/STM32F1xx_HAL_Driver/Src/stm32f1xx_hal_uart.c.obj
LOAD CMakeFiles/UART.dir/Drivers/STM32F1xx_HAL_Driver/Src/stm32f1xx_hal.c.obj
LOAD CMakeFiles/UART.dir/Drivers/STM32F1xx_HAL_Driver/Src/stm32f1xx_hal_rcc.c.obj
LOAD CMakeFiles/UART.dir/Drivers/STM32F1xx_HAL_Driver/Src/stm32f1xx_hal_rcc_ex.c.obj
LOAD CMakeFiles/UART.dir/Drivers/STM32F1xx_HAL_Driver/Src/stm32f1xx_hal_gpio.c.obj
LOAD CMakeFiles/UART.dir/Drivers/STM32F1xx_HAL_Driver/Src/stm32f1xx_hal_dma.c.obj
LOAD CMakeFiles/UART.dir/Drivers/STM32F1xx_HAL_Driver/Src/stm32f1xx_hal_cortex.c.obj
LOAD CMakeFiles/UART.dir/Drivers/STM32F1xx_HAL_Driver/Src/stm32f1xx_hal_pwr.c.obj
LOAD CMakeFiles/UART.dir/Drivers/STM32F1xx_HAL_Driver/Src/stm32f1xx_hal_flash.c.obj
LOAD CMakeFiles/UART.dir/Drivers/STM32F1xx_HAL_Driver/Src/stm32f1xx_hal_flash_ex.c.obj
LOAD CMakeFiles/UART.dir/Drivers/STM32F1xx_HAL_Driver/Src/stm32f1xx_hal_exti.c.obj
LOAD CMakeFiles/UART.dir/Core/Src/system_stm32f1xx.c.obj
LOAD CMakeFiles/UART.dir/Core/Src/sysmem.c.obj
LOAD CMakeFiles/UART.dir/Core/Src/syscalls.c.obj
LOAD CMakeFiles/UART.dir/startup_stm32f103xb.s.obj
START GROUP
LOAD /opt/st/stm32cubeclt_1.16.0/GNU-tools-for-STM32/bin/../lib/gcc/arm-none-eabi/12.3.1/thumb/v7-m/nofp/libgcc.a
LOAD /opt/st/stm32cubeclt_1.16.0/GNU-tools-for-STM32/bin/../lib/gcc/arm-none-eabi/12.3.1/../../../../arm-none-eabi/lib/thumb/v7-m/nofp/libg_nano.a
LOAD /opt/st/stm32cubeclt_1.16.0/GNU-tools-for-STM32/bin/../lib/gcc/arm-none-eabi/12.3.1/../../../../arm-none-eabi/lib/thumb/v7-m/nofp/libc_nano.a
END GROUP
START GROUP
LOAD /opt/st/stm32cubeclt_1.16.0/GNU-tools-for-STM32/bin/../lib/gcc/arm-none-eabi/12.3.1/thumb/v7-m/nofp/libgcc.a
LOAD /opt/st/stm32cubeclt_1.16.0/GNU-tools-for-STM32/bin/../lib/gcc/arm-none-eabi/12.3.1/../../../../arm-none-eabi/lib/thumb/v7-m/nofp/libc_nano.a
END GROUP
LOAD /opt/st/stm32cubeclt_1.16.0/GNU-tools-for-STM32/bin/../lib/gcc/arm-none-eabi/12.3.1/thumb/v7-m/nofp/crtend.o
LOAD /opt/st/stm32cubeclt_1.16.0/GNU-tools-for-STM32/bin/../lib/gcc/arm-none-eabi/12.3.1/thumb/v7-m/nofp/crtn.o
                0x20005000                        _estack = (ORIGIN (RAM) + LENGTH (RAM))
                0x00000200                        _Min_Heap_Size = 0x200
                0x00000400                        _Min_Stack_Size = 0x400

.isr_vector     0x08000000      0x10c
                0x08000000                        . = ALIGN (0x4)
 *(.isr_vector)
 .isr_vector    0x08000000      0x10c CMakeFiles/UART.dir/startup_stm32f103xb.s.obj
                0x08000000                g_pfnVectors
                0x0800010c                        . = ALIGN (0x4)

.text           0x0800010c     0x1620
                0x0800010c                        . = ALIGN (0x4)
 *(.text)
 .text          0x0800010c       0x40 /opt/st/stm32cubeclt_1.16.0/GNU-tools-for-STM32/bin/../lib/gcc/arm-none-eabi/12.3.1/thumb/v7-m/nofp/crtbegin.o
 .text          0x0800014c       0x10 /opt/st/stm32cubeclt_1.16.0/GNU-tools-for-STM32/bin/../lib/gcc/arm-none-eabi/12.3.1/../../../../arm-none-eabi/lib/thumb/v7-m/nofp/libg_nano.a(libc_a-strlen.o)
                0x0800014c                strlen
 *(.text*)
 .text.memset   0x0800015c       0x10 /opt/st/stm32cubeclt_1.16.0/GNU-tools-for-STM32/bin/../lib/gcc/arm-none-eabi/12.3.1/../../../../arm-none-eabi/lib/thumb/v7-m/nofp/libc_nano.a(libc_a-memset.o)
                0x0800015c                memset
 .text.__libc_init_array
                0x0800016c       0x48 /opt/st/stm32cubeclt_1.16.0/GNU-tools-for-STM32/bin/../lib/gcc/arm-none-eabi/12.3.1/../../../../arm-none-eabi/lib/thumb/v7-m/nofp/libc_nano.a(libc_a-init.o)
                0x0800016c                __libc_init_array
 .text.main     0x080001b4       0x44 CMakeFiles/UART.dir/Core/Src/main.c.obj
                0x080001b4                main
 .text.SystemClock_Config
                0x080001f8       0x88 CMakeFiles/UART.dir/Core/Src/main.c.obj
                0x080001f8                SystemClock_Config
 .text.MX_USART1_UART_Init
                0x08000280       0x54 CMakeFiles/UART.dir/Core/Src/main.c.obj
 .text.MX_GPIO_Init
                0x080002d4       0x44 CMakeFiles/UART.dir/Core/Src/main.c.obj
 .text.Error_Handler
                0x08000318        0xc CMakeFiles/UART.dir/Core/Src/main.c.obj
                0x08000318                Error_Handler
 .text.NMI_Handler
                0x08000324        0x8 CMakeFiles/UART.dir/Core/Src/stm32f1xx_it.c.obj
                0x08000324                NMI_Handler
 .text.HardFault_Handler
                0x0800032c        0x8 CMakeFiles/UART.dir/Core/Src/stm32f1xx_it.c.obj
                0x0800032c                HardFault_Handler
 .text.MemManage_Handler
                0x08000334        0x8 CMakeFiles/UART.dir/Core/Src/stm32f1xx_it.c.obj
                0x08000334                MemManage_Handler
 .text.BusFault_Handler
                0x0800033c        0x8 CMakeFiles/UART.dir/Core/Src/stm32f1xx_it.c.obj
                0x0800033c                BusFault_Handler
 .text.UsageFault_Handler
                0x08000344        0x8 CMakeFiles/UART.dir/Core/Src/stm32f1xx_it.c.obj
                0x08000344                UsageFault_Handler
 .text.SVC_Handler
                0x0800034c        0xc CMakeFiles/UART.dir/Core/Src/stm32f1xx_it.c.obj
                0x0800034c                SVC_Handler
 .text.DebugMon_Handler
                0x08000358        0xc CMakeFiles/UART.dir/Core/Src/stm32f1xx_it.c.obj
                0x08000358                DebugMon_Handler
 .text.PendSV_Handler
                0x08000364        0xc CMakeFiles/UART.dir/Core/Src/stm32f1xx_it.c.obj
                0x08000364                PendSV_Handler
 .text.SysTick_Handler
                0x08000370        0xc CMakeFiles/UART.dir/Core/Src/stm32f1xx_it.c.obj
                0x08000370                SysTick_Handler
 .text.HAL_MspInit
                0x0800037c       0x64 CMakeFiles/UART.dir/Core/Src/stm32f1xx_hal_msp.c.obj
                0x0800037c                HAL_MspInit
 .text.HAL_UART_MspInit
                0x080003e0       0x98 CMakeFiles/UART.dir/Core/Src/stm32f1xx_hal_msp.c.obj
                0x080003e0                HAL_UART_MspInit
 .text.HAL_UART_Init
                0x08000478       0xa0 CMakeFiles/UART.dir/Drivers/STM32F1xx_HAL_Driver/Src/stm32f1xx_hal_uart.c.obj
                0x08000478                HAL_UART_Init
 .text.HAL_UART_Transmit
                0x08000518      0x116 CMakeFiles/UART.dir/Drivers/STM32F1xx_HAL_Driver/Src/stm32f1xx_hal_uart.c.obj
                0x08000518                HAL_UART_Transmit
 .text.UART_WaitOnFlagUntilTimeout
                0x0800062e       0xb2 CMakeFiles/UART.dir/Drivers/STM32F1xx_HAL_Driver/Src/stm32f1xx_hal_uart.c.obj
 .text.UART_EndRxTransfer
                0x080006e0       0xc4 CMakeFiles/UART.dir/Drivers/STM32F1xx_HAL_Driver/Src/stm32f1xx_hal_uart.c.obj
 .text.UART_SetConfig
                0x080007a4      0x11c CMakeFiles/UART.dir/Drivers/STM32F1xx_HAL_Driver/Src/stm32f1xx_hal_uart.c.obj
 .text.HAL_Init
                0x080008c0       0x2c CMakeFiles/UART.dir/Drivers/STM32F1xx_HAL_Driver/Src/stm32f1xx_hal.c.obj
                0x080008c0                HAL_Init
 .text.HAL_InitTick
                0x080008ec       0x60 CMakeFiles/UART.dir/Drivers/STM32F1xx_HAL_Driver/Src/stm32f1xx_hal.c.obj
                0x080008ec                HAL_InitTick
 .text.HAL_IncTick
                0x0800094c       0x24 CMakeFiles/UART.dir/Drivers/STM32F1xx_HAL_Driver/Src/stm32f1xx_hal.c.obj
                0x0800094c                HAL_IncTick
 .text.HAL_GetTick
                0x08000970       0x14 CMakeFiles/UART.dir/Drivers/STM32F1xx_HAL_Driver/Src/stm32f1xx_hal.c.obj
                0x08000970                HAL_GetTick
 .text.HAL_Delay
                0x08000984       0x48 CMakeFiles/UART.dir/Drivers/STM32F1xx_HAL_Driver/Src/stm32f1xx_hal.c.obj
                0x08000984                HAL_Delay
 .text.HAL_RCC_OscConfig
                0x080009cc      0x504 CMakeFiles/UART.dir/Drivers/STM32F1xx_HAL_Driver/Src/stm32f1xx_hal_rcc.c.obj
                0x080009cc                HAL_RCC_OscConfig
 .text.HAL_RCC_ClockConfig
                0x08000ed0      0x1d4 CMakeFiles/UART.dir/Drivers/STM32F1xx_HAL_Driver/Src/stm32f1xx_hal_rcc.c.obj
                0x08000ed0                HAL_RCC_ClockConfig
 .text.HAL_RCC_GetSysClockFreq
                0x080010a4       0xa8 CMakeFiles/UART.dir/Drivers/STM32F1xx_HAL_Driver/Src/stm32f1xx_hal_rcc.c.obj
                0x080010a4                HAL_RCC_GetSysClockFreq
 .text.HAL_RCC_GetHCLKFreq
                0x0800114c       0x14 CMakeFiles/UART.dir/Drivers/STM32F1xx_HAL_Driver/Src/stm32f1xx_hal_rcc.c.obj
                0x0800114c                HAL_RCC_GetHCLKFreq
 .text.HAL_RCC_GetPCLK1Freq
                0x08001160       0x28 CMakeFiles/UART.dir/Drivers/STM32F1xx_HAL_Driver/Src/stm32f1xx_hal_rcc.c.obj
                0x08001160                HAL_RCC_GetPCLK1Freq
 .text.HAL_RCC_GetPCLK2Freq
                0x08001188       0x28 CMakeFiles/UART.dir/Drivers/STM32F1xx_HAL_Driver/Src/stm32f1xx_hal_rcc.c.obj
                0x08001188                HAL_RCC_GetPCLK2Freq
 .text.RCC_Delay
                0x080011b0       0x3c CMakeFiles/UART.dir/Drivers/STM32F1xx_HAL_Driver/Src/stm32f1xx_hal_rcc.c.obj
 .text.HAL_GPIO_Init
                0x080011ec      0x308 CMakeFiles/UART.dir/Drivers/STM32F1xx_HAL_Driver/Src/stm32f1xx_hal_gpio.c.obj
                0x080011ec                HAL_GPIO_Init
 .text.__NVIC_SetPriorityGrouping
                0x080014f4       0x48 CMakeFiles/UART.dir/Drivers/STM32F1xx_HAL_Driver/Src/stm32f1xx_hal_cortex.c.obj
 .text.__NVIC_GetPriorityGrouping
                0x0800153c       0x1c CMakeFiles/UART.dir/Drivers/STM32F1xx_HAL_Driver/Src/stm32f1xx_hal_cortex.c.obj
 .text.__NVIC_SetPriority
                0x08001558       0x54 CMakeFiles/UART.dir/Drivers/STM32F1xx_HAL_Driver/Src/stm32f1xx_hal_cortex.c.obj
 .text.NVIC_EncodePriority
                0x080015ac       0x64 CMakeFiles/UART.dir/Drivers/STM32F1xx_HAL_Driver/Src/stm32f1xx_hal_cortex.c.obj
 .text.SysTick_Config
                0x08001610       0x44 CMakeFiles/UART.dir/Drivers/STM32F1xx_HAL_Driver/Src/stm32f1xx_hal_cortex.c.obj
 .text.HAL_NVIC_SetPriorityGrouping
                0x08001654       0x16 CMakeFiles/UART.dir/Drivers/STM32F1xx_HAL_Driver/Src/stm32f1xx_hal_cortex.c.obj
                0x08001654                HAL_NVIC_SetPriorityGrouping
 .text.HAL_NVIC_SetPriority
                0x0800166a       0x38 CMakeFiles/UART.dir/Drivers/STM32F1xx_HAL_Driver/Src/stm32f1xx_hal_cortex.c.obj
                0x0800166a                HAL_NVIC_SetPriority
 .text.HAL_SYSTICK_Config
                0x080016a2       0x18 CMakeFiles/UART.dir/Drivers/STM32F1xx_HAL_Driver/Src/stm32f1xx_hal_cortex.c.obj
                0x080016a2                HAL_SYSTICK_Config
 .text.SystemInit
                0x080016ba        0xc CMakeFiles/UART.dir/Core/Src/system_stm32f1xx.c.obj
                0x080016ba                SystemInit
 *fill*         0x080016c6        0x2 
 .text.Reset_Handler
                0x080016c8       0x48 CMakeFiles/UART.dir/startup_stm32f103xb.s.obj
                0x080016c8                Reset_Handler
 .text.Default_Handler
                0x08001710        0x2 CMakeFiles/UART.dir/startup_stm32f103xb.s.obj
                0x08001710                RTC_Alarm_IRQHandler
                0x08001710                EXTI2_IRQHandler
                0x08001710                TIM1_CC_IRQHandler
                0x08001710                PVD_IRQHandler
                0x08001710                EXTI3_IRQHandler
                0x08001710                EXTI0_IRQHandler
                0x08001710                I2C2_EV_IRQHandler
                0x08001710                ADC1_2_IRQHandler
                0x08001710                SPI1_IRQHandler
                0x08001710                TAMPER_IRQHandler
                0x08001710                DMA1_Channel4_IRQHandler
                0x08001710                USART3_IRQHandler
                0x08001710                RTC_IRQHandler
                0x08001710                DMA1_Channel7_IRQHandler
                0x08001710                CAN1_RX1_IRQHandler
                0x08001710                TIM4_IRQHandler
                0x08001710                I2C1_EV_IRQHandler
                0x08001710                DMA1_Channel6_IRQHandler
                0x08001710                TIM3_IRQHandler
                0x08001710                RCC_IRQHandler
                0x08001710                TIM1_TRG_COM_IRQHandler
                0x08001710                DMA1_Channel1_IRQHandler
                0x08001710                Default_Handler
                0x08001710                EXTI15_10_IRQHandler
                0x08001710                EXTI9_5_IRQHandler
                0x08001710                SPI2_IRQHandler
                0x08001710                DMA1_Channel5_IRQHandler
                0x08001710                EXTI4_IRQHandler
                0x08001710                USB_LP_CAN1_RX0_IRQHandler
                0x08001710                USB_HP_CAN1_TX_IRQHandler
                0x08001710                DMA1_Channel3_IRQHandler
                0x08001710                TIM1_UP_IRQHandler
                0x08001710                WWDG_IRQHandler
                0x08001710                TIM2_IRQHandler
                0x08001710                TIM1_BRK_IRQHandler
                0x08001710                EXTI1_IRQHandler
                0x08001710                USART2_IRQHandler
                0x08001710                I2C2_ER_IRQHandler
                0x08001710                DMA1_Channel2_IRQHandler
                0x08001710                CAN1_SCE_IRQHandler
                0x08001710                FLASH_IRQHandler
                0x08001710                USART1_IRQHandler
                0x08001710                I2C1_ER_IRQHandler
                0x08001710                USBWakeUp_IRQHandler
 *(.glue_7)
 .glue_7        0x08001712        0x0 linker stubs
 *(.glue_7t)
 .glue_7t       0x08001712        0x0 linker stubs
 *(.eh_frame)
 *fill*         0x08001712        0x2 
 .eh_frame      0x08001714        0x0 /opt/st/stm32cubeclt_1.16.0/GNU-tools-for-STM32/bin/../lib/gcc/arm-none-eabi/12.3.1/thumb/v7-m/nofp/crtbegin.o
 *(.init)
 .init          0x08001714        0x4 /opt/st/stm32cubeclt_1.16.0/GNU-tools-for-STM32/bin/../lib/gcc/arm-none-eabi/12.3.1/thumb/v7-m/nofp/crti.o
                0x08001714                _init
 .init          0x08001718        0x8 /opt/st/stm32cubeclt_1.16.0/GNU-tools-for-STM32/bin/../lib/gcc/arm-none-eabi/12.3.1/thumb/v7-m/nofp/crtn.o
 *(.fini)
 .fini          0x08001720        0x4 /opt/st/stm32cubeclt_1.16.0/GNU-tools-for-STM32/bin/../lib/gcc/arm-none-eabi/12.3.1/thumb/v7-m/nofp/crti.o
                0x08001720                _fini
 .fini          0x08001724        0x8 /opt/st/stm32cubeclt_1.16.0/GNU-tools-for-STM32/bin/../lib/gcc/arm-none-eabi/12.3.1/thumb/v7-m/nofp/crtn.o
                0x0800172c                        . = ALIGN (0x4)
                0x0800172c                        _etext = .

.vfp11_veneer   0x0800172c        0x0
 .vfp11_veneer  0x0800172c        0x0 linker stubs

.v4_bx          0x0800172c        0x0
 .v4_bx         0x0800172c        0x0 linker stubs

.iplt           0x0800172c        0x0
 .iplt          0x0800172c        0x0 /opt/st/stm32cubeclt_1.16.0/GNU-tools-for-STM32/bin/../lib/gcc/arm-none-eabi/12.3.1/thumb/v7-m/nofp/crtbegin.o

.rodata         0x0800172c       0x3c
                0x0800172c                        . = ALIGN (0x4)
 *(.rodata)
 .rodata        0x0800172c        0xf CMakeFiles/UART.dir/Core/Src/main.c.obj
 *(.rodata*)
 *fill*         0x0800173b        0x1 
 .rodata.aPLLMULFactorTable.1
                0x0800173c       0x10 CMakeFiles/UART.dir/Drivers/STM32F1xx_HAL_Driver/Src/stm32f1xx_hal_rcc.c.obj
 .rodata.aPredivFactorTable.0
                0x0800174c        0x2 CMakeFiles/UART.dir/Drivers/STM32F1xx_HAL_Driver/Src/stm32f1xx_hal_rcc.c.obj
 *fill*         0x0800174e        0x2 
 .rodata.AHBPrescTable
                0x08001750       0x10 CMakeFiles/UART.dir/Core/Src/system_stm32f1xx.c.obj
                0x08001750                AHBPrescTable
 .rodata.APBPrescTable
                0x08001760        0x8 CMakeFiles/UART.dir/Core/Src/system_stm32f1xx.c.obj
                0x08001760                APBPrescTable
                0x08001768                        . = ALIGN (0x4)

.ARM.extab
 *(.ARM.extab* .gnu.linkonce.armextab.*)

.ARM            0x08001768        0x8
                0x08001768                        __exidx_start = .
 *(.ARM.exidx*)
 .ARM.exidx     0x08001768        0x8 /opt/st/stm32cubeclt_1.16.0/GNU-tools-for-STM32/bin/../lib/gcc/arm-none-eabi/12.3.1/../../../../arm-none-eabi/lib/thumb/v7-m/nofp/libg_nano.a(libc_a-strlen.o)
                0x08001770                        __exidx_end = .

.rel.dyn        0x08001770        0x0
 .rel.iplt      0x08001770        0x0 /opt/st/stm32cubeclt_1.16.0/GNU-tools-for-STM32/bin/../lib/gcc/arm-none-eabi/12.3.1/thumb/v7-m/nofp/crtbegin.o

.preinit_array  0x08001770        0x0
                0x08001770                        PROVIDE (__preinit_array_start = .)
 *(.preinit_array*)
                0x08001770                        PROVIDE (__preinit_array_end = .)

.init_array     0x08001770        0x4
                0x08001770                        PROVIDE (__init_array_start = .)
 *(SORT_BY_NAME(.init_array.*))
 *(.init_array*)
 .init_array    0x08001770        0x4 /opt/st/stm32cubeclt_1.16.0/GNU-tools-for-STM32/bin/../lib/gcc/arm-none-eabi/12.3.1/thumb/v7-m/nofp/crtbegin.o
                0x08001774                        PROVIDE (__init_array_end = .)

.fini_array     0x08001774        0x4
                [!provide]                        PROVIDE (__fini_array_start = .)
 *(SORT_BY_NAME(.fini_array.*))
 *(.fini_array*)
 .fini_array    0x08001774        0x4 /opt/st/stm32cubeclt_1.16.0/GNU-tools-for-STM32/bin/../lib/gcc/arm-none-eabi/12.3.1/thumb/v7-m/nofp/crtbegin.o
                [!provide]                        PROVIDE (__fini_array_end = .)
                0x08001778                        _sidata = LOADADDR (.data)

.data           0x20000000        0xc load address 0x08001778
                0x20000000                        . = ALIGN (0x4)
                0x20000000                        _sdata = .
 *(.data)
 *(.data*)
 .data.uwTickPrio
                0x20000000        0x4 CMakeFiles/UART.dir/Drivers/STM32F1xx_HAL_Driver/Src/stm32f1xx_hal.c.obj
                0x20000000                uwTickPrio
 .data.uwTickFreq
                0x20000004        0x1 CMakeFiles/UART.dir/Drivers/STM32F1xx_HAL_Driver/Src/stm32f1xx_hal.c.obj
                0x20000004                uwTickFreq
 *fill*         0x20000005        0x3 
 .data.SystemCoreClock
                0x20000008        0x4 CMakeFiles/UART.dir/Core/Src/system_stm32f1xx.c.obj
                0x20000008                SystemCoreClock
                0x2000000c                        . = ALIGN (0x4)
                0x2000000c                        _edata = .

.igot.plt       0x2000000c        0x0 load address 0x08001784
 .igot.plt      0x2000000c        0x0 /opt/st/stm32cubeclt_1.16.0/GNU-tools-for-STM32/bin/../lib/gcc/arm-none-eabi/12.3.1/thumb/v7-m/nofp/crtbegin.o
                0x2000000c                        . = ALIGN (0x4)

.bss            0x2000000c       0x68 load address 0x08001784
                0x2000000c                        _sbss = .
                0x2000000c                        __bss_start__ = _sbss
 *(.bss)
 .bss           0x2000000c       0x1c /opt/st/stm32cubeclt_1.16.0/GNU-tools-for-STM32/bin/../lib/gcc/arm-none-eabi/12.3.1/thumb/v7-m/nofp/crtbegin.o
 *(.bss*)
 .bss.huart1    0x20000028       0x48 CMakeFiles/UART.dir/Core/Src/main.c.obj
                0x20000028                huart1
 .bss.uwTick    0x20000070        0x4 CMakeFiles/UART.dir/Drivers/STM32F1xx_HAL_Driver/Src/stm32f1xx_hal.c.obj
                0x20000070                uwTick
 *(COMMON)
                0x20000074                        . = ALIGN (0x4)
                0x20000074                        _ebss = .
                0x20000074                        __bss_end__ = _ebss

._user_heap_stack
                0x20000074      0x604 load address 0x08001784
                0x20000078                        . = ALIGN (0x8)
 *fill*         0x20000074        0x4 
                [!provide]                        PROVIDE (end = .)
                0x20000078                        PROVIDE (_end = .)
                0x20000278                        . = (. + _Min_Heap_Size)
 *fill*         0x20000078      0x200 
                0x20000678                        . = (. + _Min_Stack_Size)
 *fill*         0x20000278      0x400 
                0x20000678                        . = ALIGN (0x8)

/DISCARD/
 libc.a(*)
 libm.a(*)
 libgcc.a(*)

.ARM.attributes
                0x00000000       0x29
 *(.ARM.attributes)
 .ARM.attributes
                0x00000000       0x1d /opt/st/stm32cubeclt_1.16.0/GNU-tools-for-STM32/bin/../lib/gcc/arm-none-eabi/12.3.1/thumb/v7-m/nofp/crti.o
 .ARM.attributes
                0x0000001d       0x2d /opt/st/stm32cubeclt_1.16.0/GNU-tools-for-STM32/bin/../lib/gcc/arm-none-eabi/12.3.1/thumb/v7-m/nofp/crtbegin.o
 .ARM.attributes
                0x0000004a       0x2d /opt/st/stm32cubeclt_1.16.0/GNU-tools-for-STM32/bin/../lib/gcc/arm-none-eabi/12.3.1/../../../../arm-none-eabi/lib/thumb/v7-m/nofp/libc_nano.a(libc_a-memset.o)
 .ARM.attributes
                0x00000077       0x2d /opt/st/stm32cubeclt_1.16.0/GNU-tools-for-STM32/bin/../lib/gcc/arm-none-eabi/12.3.1/../../../../arm-none-eabi/lib/thumb/v7-m/nofp/libc_nano.a(libc_a-init.o)
 .ARM.attributes
                0x000000a4       0x2d CMakeFiles/UART.dir/Core/Src/main.c.obj
 .ARM.attributes
                0x000000d1       0x2d CMakeFiles/UART.dir/Core/Src/stm32f1xx_it.c.obj
 .ARM.attributes
                0x000000fe       0x2d CMakeFiles/UART.dir/Core/Src/stm32f1xx_hal_msp.c.obj
 .ARM.attributes
                0x0000012b       0x2d CMakeFiles/UART.dir/Drivers/STM32F1xx_HAL_Driver/Src/stm32f1xx_hal_uart.c.obj
 .ARM.attributes
                0x00000158       0x2d CMakeFiles/UART.dir/Drivers/STM32F1xx_HAL_Driver/Src/stm32f1xx_hal.c.obj
 .ARM.attributes
                0x00000185       0x2d CMakeFiles/UART.dir/Drivers/STM32F1xx_HAL_Driver/Src/stm32f1xx_hal_rcc.c.obj
 .ARM.attributes
                0x000001b2       0x2d CMakeFiles/UART.dir/Drivers/STM32F1xx_HAL_Driver/Src/stm32f1xx_hal_gpio.c.obj
 .ARM.attributes
                0x000001df       0x2d CMakeFiles/UART.dir/Drivers/STM32F1xx_HAL_Driver/Src/stm32f1xx_hal_cortex.c.obj
 .ARM.attributes
                0x0000020c       0x2d CMakeFiles/UART.dir/Core/Src/system_stm32f1xx.c.obj
 .ARM.attributes
                0x00000239       0x21 CMakeFiles/UART.dir/startup_stm32f103xb.s.obj
 .ARM.attributes
                0x0000025a       0x17 /opt/st/stm32cubeclt_1.16.0/GNU-tools-for-STM32/bin/../lib/gcc/arm-none-eabi/12.3.1/../../../../arm-none-eabi/lib/thumb/v7-m/nofp/libg_nano.a(libc_a-strlen.o)
 .ARM.attributes
                0x00000271       0x1d /opt/st/stm32cubeclt_1.16.0/GNU-tools-for-STM32/bin/../lib/gcc/arm-none-eabi/12.3.1/thumb/v7-m/nofp/crtn.o
OUTPUT(UART.elf elf32-littlearm)
LOAD linker stubs
LOAD /opt/st/stm32cubeclt_1.16.0/GNU-tools-for-STM32/bin/../lib/gcc/arm-none-eabi/12.3.1/../../../../arm-none-eabi/lib/thumb/v7-m/nofp/libc.a
LOAD /opt/st/stm32cubeclt_1.16.0/GNU-tools-for-STM32/bin/../lib/gcc/arm-none-eabi/12.3.1/../../../../arm-none-eabi/lib/thumb/v7-m/nofp/libm.a
LOAD /opt/st/stm32cubeclt_1.16.0/GNU-tools-for-STM32/bin/../lib/gcc/arm-none-eabi/12.3.1/thumb/v7-m/nofp/libgcc.a

.debug_frame    0x00000000     0x16dc
 .debug_frame   0x00000000       0x20 /opt/st/stm32cubeclt_1.16.0/GNU-tools-for-STM32/bin/../lib/gcc/arm-none-eabi/12.3.1/../../../../arm-none-eabi/lib/thumb/v7-m/nofp/libc_nano.a(libc_a-memset.o)
 .debug_frame   0x00000020       0x2c /opt/st/stm32cubeclt_1.16.0/GNU-tools-for-STM32/bin/../lib/gcc/arm-none-eabi/12.3.1/../../../../arm-none-eabi/lib/thumb/v7-m/nofp/libc_nano.a(libc_a-init.o)
 .debug_frame   0x0000004c       0xb0 CMakeFiles/UART.dir/Core/Src/main.c.obj
 .debug_frame   0x000000fc      0x104 CMakeFiles/UART.dir/Core/Src/stm32f1xx_it.c.obj
 .debug_frame   0x00000200       0x80 CMakeFiles/UART.dir/Core/Src/stm32f1xx_hal_msp.c.obj
 .debug_frame   0x00000280      0x944 CMakeFiles/UART.dir/Drivers/STM32F1xx_HAL_Driver/Src/stm32f1xx_hal_uart.c.obj
 .debug_frame   0x00000bc4      0x334 CMakeFiles/UART.dir/Drivers/STM32F1xx_HAL_Driver/Src/stm32f1xx_hal.c.obj
 .debug_frame   0x00000ef8      0x218 CMakeFiles/UART.dir/Drivers/STM32F1xx_HAL_Driver/Src/stm32f1xx_hal_rcc.c.obj
 .debug_frame   0x00001110      0x14c CMakeFiles/UART.dir/Drivers/STM32F1xx_HAL_Driver/Src/stm32f1xx_hal_gpio.c.obj
 .debug_frame   0x0000125c      0x428 CMakeFiles/UART.dir/Drivers/STM32F1xx_HAL_Driver/Src/stm32f1xx_hal_cortex.c.obj
 .debug_frame   0x00001684       0x58 CMakeFiles/UART.dir/Core/Src/system_stm32f1xx.c.obj

.debug_info     0x00000000     0x6237
 .debug_info    0x00000000      0x8b1 CMakeFiles/UART.dir/Core/Src/main.c.obj
 .debug_info    0x000008b1      0x113 CMakeFiles/UART.dir/Core/Src/stm32f1xx_it.c.obj
 .debug_info    0x000009c4      0x7f8 CMakeFiles/UART.dir/Core/Src/stm32f1xx_hal_msp.c.obj
 .debug_info    0x000011bc     0x2eed CMakeFiles/UART.dir/Drivers/STM32F1xx_HAL_Driver/Src/stm32f1xx_hal_uart.c.obj
 .debug_info    0x000040a9      0x704 CMakeFiles/UART.dir/Drivers/STM32F1xx_HAL_Driver/Src/stm32f1xx_hal.c.obj
 .debug_info    0x000047ad      0x7d5 CMakeFiles/UART.dir/Drivers/STM32F1xx_HAL_Driver/Src/stm32f1xx_hal_rcc.c.obj
 .debug_info    0x00004f82      0x5ab CMakeFiles/UART.dir/Drivers/STM32F1xx_HAL_Driver/Src/stm32f1xx_hal_gpio.c.obj
 .debug_info    0x0000552d      0xa87 CMakeFiles/UART.dir/Drivers/STM32F1xx_HAL_Driver/Src/stm32f1xx_hal_cortex.c.obj
 .debug_info    0x00005fb4      0x222 CMakeFiles/UART.dir/Core/Src/system_stm32f1xx.c.obj
 .debug_info    0x000061d6       0x30 CMakeFiles/UART.dir/startup_stm32f103xb.s.obj
 .debug_info    0x00006206       0x31 /opt/st/stm32cubeclt_1.16.0/GNU-tools-for-STM32/bin/../lib/gcc/arm-none-eabi/12.3.1/../../../../arm-none-eabi/lib/thumb/v7-m/nofp/libg_nano.a(libc_a-strlen.o)

.debug_abbrev   0x00000000     0x125e
 .debug_abbrev  0x00000000      0x247 CMakeFiles/UART.dir/Core/Src/main.c.obj
 .debug_abbrev  0x00000247       0x73 CMakeFiles/UART.dir/Core/Src/stm32f1xx_it.c.obj
 .debug_abbrev  0x000002ba      0x1ab CMakeFiles/UART.dir/Core/Src/stm32f1xx_hal_msp.c.obj
 .debug_abbrev  0x00000465      0x2f8 CMakeFiles/UART.dir/Drivers/STM32F1xx_HAL_Driver/Src/stm32f1xx_hal_uart.c.obj
 .debug_abbrev  0x0000075d      0x201 CMakeFiles/UART.dir/Drivers/STM32F1xx_HAL_Driver/Src/stm32f1xx_hal.c.obj
 .debug_abbrev  0x0000095e      0x2b3 CMakeFiles/UART.dir/Drivers/STM32F1xx_HAL_Driver/Src/stm32f1xx_hal_rcc.c.obj
 .debug_abbrev  0x00000c11      0x1ca CMakeFiles/UART.dir/Drivers/STM32F1xx_HAL_Driver/Src/stm32f1xx_hal_gpio.c.obj
 .debug_abbrev  0x00000ddb      0x2f8 CMakeFiles/UART.dir/Drivers/STM32F1xx_HAL_Driver/Src/stm32f1xx_hal_cortex.c.obj
 .debug_abbrev  0x000010d3      0x13f CMakeFiles/UART.dir/Core/Src/system_stm32f1xx.c.obj
 .debug_abbrev  0x00001212       0x24 CMakeFiles/UART.dir/startup_stm32f103xb.s.obj
 .debug_abbrev  0x00001236       0x28 /opt/st/stm32cubeclt_1.16.0/GNU-tools-for-STM32/bin/../lib/gcc/arm-none-eabi/12.3.1/../../../../arm-none-eabi/lib/thumb/v7-m/nofp/libg_nano.a(libc_a-strlen.o)

.debug_aranges  0x00000000      0x610
 .debug_aranges
                0x00000000       0x40 CMakeFiles/UART.dir/Core/Src/main.c.obj
 .debug_aranges
                0x00000040       0x60 CMakeFiles/UART.dir/Core/Src/stm32f1xx_it.c.obj
 .debug_aranges
                0x000000a0       0x30 CMakeFiles/UART.dir/Core/Src/stm32f1xx_hal_msp.c.obj
 .debug_aranges
                0x000000d0      0x208 CMakeFiles/UART.dir/Drivers/STM32F1xx_HAL_Driver/Src/stm32f1xx_hal_uart.c.obj
 .debug_aranges
                0x000002d8       0xe0 CMakeFiles/UART.dir/Drivers/STM32F1xx_HAL_Driver/Src/stm32f1xx_hal.c.obj
 .debug_aranges
                0x000003b8       0x90 CMakeFiles/UART.dir/Drivers/STM32F1xx_HAL_Driver/Src/stm32f1xx_hal_rcc.c.obj
 .debug_aranges
                0x00000448       0x58 CMakeFiles/UART.dir/Drivers/STM32F1xx_HAL_Driver/Src/stm32f1xx_hal_gpio.c.obj
 .debug_aranges
                0x000004a0      0x100 CMakeFiles/UART.dir/Drivers/STM32F1xx_HAL_Driver/Src/stm32f1xx_hal_cortex.c.obj
 .debug_aranges
                0x000005a0       0x28 CMakeFiles/UART.dir/Core/Src/system_stm32f1xx.c.obj
 .debug_aranges
                0x000005c8       0x28 CMakeFiles/UART.dir/startup_stm32f103xb.s.obj
 .debug_aranges
                0x000005f0       0x20 /opt/st/stm32cubeclt_1.16.0/GNU-tools-for-STM32/bin/../lib/gcc/arm-none-eabi/12.3.1/../../../../arm-none-eabi/lib/thumb/v7-m/nofp/libg_nano.a(libc_a-strlen.o)

.debug_rnglists
                0x00000000      0x487
 .debug_rnglists
                0x00000000       0x2c CMakeFiles/UART.dir/Core/Src/main.c.obj
 .debug_rnglists
                0x0000002c       0x43 CMakeFiles/UART.dir/Core/Src/stm32f1xx_it.c.obj
 .debug_rnglists
                0x0000006f       0x20 CMakeFiles/UART.dir/Core/Src/stm32f1xx_hal_msp.c.obj
 .debug_rnglists
                0x0000008f      0x1bc CMakeFiles/UART.dir/Drivers/STM32F1xx_HAL_Driver/Src/stm32f1xx_hal_uart.c.obj
 .debug_rnglists
                0x0000024b       0xa3 CMakeFiles/UART.dir/Drivers/STM32F1xx_HAL_Driver/Src/stm32f1xx_hal.c.obj
 .debug_rnglists
                0x000002ee       0x6c CMakeFiles/UART.dir/Drivers/STM32F1xx_HAL_Driver/Src/stm32f1xx_hal_rcc.c.obj
 .debug_rnglists
                0x0000035a       0x3f CMakeFiles/UART.dir/Drivers/STM32F1xx_HAL_Driver/Src/stm32f1xx_hal_gpio.c.obj
 .debug_rnglists
                0x00000399       0xbb CMakeFiles/UART.dir/Drivers/STM32F1xx_HAL_Driver/Src/stm32f1xx_hal_cortex.c.obj
 .debug_rnglists
                0x00000454       0x1a CMakeFiles/UART.dir/Core/Src/system_stm32f1xx.c.obj
 .debug_rnglists
                0x0000046e       0x19 CMakeFiles/UART.dir/startup_stm32f103xb.s.obj

.debug_macro    0x00000000    0x15da0
 .debug_macro   0x00000000      0x198 CMakeFiles/UART.dir/Core/Src/main.c.obj
 .debug_macro   0x00000198      0xaa8 CMakeFiles/UART.dir/Core/Src/main.c.obj
 .debug_macro   0x00000c40      0x215 CMakeFiles/UART.dir/Core/Src/main.c.obj
 .debug_macro   0x00000e55       0x2e CMakeFiles/UART.dir/Core/Src/main.c.obj
 .debug_macro   0x00000e83       0x22 CMakeFiles/UART.dir/Core/Src/main.c.obj
 .debug_macro   0x00000ea5       0x22 CMakeFiles/UART.dir/Core/Src/main.c.obj
 .debug_macro   0x00000ec7       0x8e CMakeFiles/UART.dir/Core/Src/main.c.obj
 .debug_macro   0x00000f55       0x51 CMakeFiles/UART.dir/Core/Src/main.c.obj
 .debug_macro   0x00000fa6      0x103 CMakeFiles/UART.dir/Core/Src/main.c.obj
 .debug_macro   0x000010a9       0x6a CMakeFiles/UART.dir/Core/Src/main.c.obj
 .debug_macro   0x00001113      0x1df CMakeFiles/UART.dir/Core/Src/main.c.obj
 .debug_macro   0x000012f2       0x1c CMakeFiles/UART.dir/Core/Src/main.c.obj
 .debug_macro   0x0000130e       0x22 CMakeFiles/UART.dir/Core/Src/main.c.obj
 .debug_macro   0x00001330       0xbd CMakeFiles/UART.dir/Core/Src/main.c.obj
 .debug_macro   0x000013ed      0xd23 CMakeFiles/UART.dir/Core/Src/main.c.obj
 .debug_macro   0x00002110     0xe09e CMakeFiles/UART.dir/Core/Src/main.c.obj
 .debug_macro   0x000101ae       0x6d CMakeFiles/UART.dir/Core/Src/main.c.obj
 .debug_macro   0x0001021b     0x34a2 CMakeFiles/UART.dir/Core/Src/main.c.obj
 .debug_macro   0x000136bd      0x189 CMakeFiles/UART.dir/Core/Src/main.c.obj
 .debug_macro   0x00013846       0x5c CMakeFiles/UART.dir/Core/Src/main.c.obj
 .debug_macro   0x000138a2      0x5bc CMakeFiles/UART.dir/Core/Src/main.c.obj
 .debug_macro   0x00013e5e      0x289 CMakeFiles/UART.dir/Core/Src/main.c.obj
 .debug_macro   0x000140e7      0x1cb CMakeFiles/UART.dir/Core/Src/main.c.obj
 .debug_macro   0x000142b2      0x114 CMakeFiles/UART.dir/Core/Src/main.c.obj
 .debug_macro   0x000143c6      0x1b2 CMakeFiles/UART.dir/Core/Src/main.c.obj
 .debug_macro   0x00014578       0x27 CMakeFiles/UART.dir/Core/Src/main.c.obj
 .debug_macro   0x0001459f      0x136 CMakeFiles/UART.dir/Core/Src/main.c.obj
 .debug_macro   0x000146d5      0x1bc CMakeFiles/UART.dir/Core/Src/main.c.obj
 .debug_macro   0x00014891       0x34 CMakeFiles/UART.dir/Core/Src/main.c.obj
 .debug_macro   0x000148c5       0x3c CMakeFiles/UART.dir/Core/Src/main.c.obj
 .debug_macro   0x00014901       0x57 CMakeFiles/UART.dir/Core/Src/main.c.obj
 .debug_macro   0x00014958       0x87 CMakeFiles/UART.dir/Core/Src/main.c.obj
 .debug_macro   0x000149df      0x240 CMakeFiles/UART.dir/Core/Src/main.c.obj
 .debug_macro   0x00014c1f      0x140 CMakeFiles/UART.dir/Core/Src/main.c.obj
 .debug_macro   0x00014d5f      0x28e CMakeFiles/UART.dir/Core/Src/main.c.obj
 .debug_macro   0x00014fed       0x83 CMakeFiles/UART.dir/Core/Src/main.c.obj
 .debug_macro   0x00015070      0x1a2 CMakeFiles/UART.dir/Core/Src/stm32f1xx_it.c.obj
 .debug_macro   0x00015212      0x198 CMakeFiles/UART.dir/Core/Src/stm32f1xx_hal_msp.c.obj
 .debug_macro   0x000153aa      0x18f CMakeFiles/UART.dir/Drivers/STM32F1xx_HAL_Driver/Src/stm32f1xx_hal_uart.c.obj
 .debug_macro   0x00015539      0x1b2 CMakeFiles/UART.dir/Drivers/STM32F1xx_HAL_Driver/Src/stm32f1xx_hal.c.obj
 .debug_macro   0x000156eb      0x1a0 CMakeFiles/UART.dir/Drivers/STM32F1xx_HAL_Driver/Src/stm32f1xx_hal_rcc.c.obj
 .debug_macro   0x0001588b      0x1f9 CMakeFiles/UART.dir/Drivers/STM32F1xx_HAL_Driver/Src/stm32f1xx_hal_gpio.c.obj
 .debug_macro   0x00015a84      0x18e CMakeFiles/UART.dir/Drivers/STM32F1xx_HAL_Driver/Src/stm32f1xx_hal_cortex.c.obj
 .debug_macro   0x00015c12      0x18e CMakeFiles/UART.dir/Core/Src/system_stm32f1xx.c.obj

.debug_line     0x00000000     0x6903
 .debug_line    0x00000000      0x68c CMakeFiles/UART.dir/Core/Src/main.c.obj
 .debug_line    0x0000068c      0x66d CMakeFiles/UART.dir/Core/Src/stm32f1xx_it.c.obj
 .debug_line    0x00000cf9      0x5ff CMakeFiles/UART.dir/Core/Src/stm32f1xx_hal_msp.c.obj
 .debug_line    0x000012f8     0x2735 CMakeFiles/UART.dir/Drivers/STM32F1xx_HAL_Driver/Src/stm32f1xx_hal_uart.c.obj
 .debug_line    0x00003a2d      0x856 CMakeFiles/UART.dir/Drivers/STM32F1xx_HAL_Driver/Src/stm32f1xx_hal.c.obj
 .debug_line    0x00004283      0xc5f CMakeFiles/UART.dir/Drivers/STM32F1xx_HAL_Driver/Src/stm32f1xx_hal_rcc.c.obj
 .debug_line    0x00004ee2      0x8ef CMakeFiles/UART.dir/Drivers/STM32F1xx_HAL_Driver/Src/stm32f1xx_hal_gpio.c.obj
 .debug_line    0x000057d1      0xa42 CMakeFiles/UART.dir/Drivers/STM32F1xx_HAL_Driver/Src/stm32f1xx_hal_cortex.c.obj
 .debug_line    0x00006213      0x629 CMakeFiles/UART.dir/Core/Src/system_stm32f1xx.c.obj
 .debug_line    0x0000683c       0x78 CMakeFiles/UART.dir/startup_stm32f103xb.s.obj
 .debug_line    0x000068b4       0x4f /opt/st/stm32cubeclt_1.16.0/GNU-tools-for-STM32/bin/../lib/gcc/arm-none-eabi/12.3.1/../../../../arm-none-eabi/lib/thumb/v7-m/nofp/libg_nano.a(libc_a-strlen.o)

.debug_str      0x00000000    0x7e438
 .debug_str     0x00000000    0x7cbca CMakeFiles/UART.dir/Core/Src/main.c.obj
                              0x7cf48 (size before relaxing)
 .debug_str     0x0007cbca       0xe0 CMakeFiles/UART.dir/Core/Src/stm32f1xx_it.c.obj
                              0x7c99e (size before relaxing)
 .debug_str     0x0007ccaa       0xfc CMakeFiles/UART.dir/Core/Src/stm32f1xx_hal_msp.c.obj
                              0x7ce0e (size before relaxing)
 .debug_str     0x0007cda6      0x6b9 CMakeFiles/UART.dir/Drivers/STM32F1xx_HAL_Driver/Src/stm32f1xx_hal_uart.c.obj
                              0x7d454 (size before relaxing)
 .debug_str     0x0007d45f      0x618 CMakeFiles/UART.dir/Drivers/STM32F1xx_HAL_Driver/Src/stm32f1xx_hal.c.obj
                              0x7d0e7 (size before relaxing)
 .debug_str     0x0007da77      0x227 CMakeFiles/UART.dir/Drivers/STM32F1xx_HAL_Driver/Src/stm32f1xx_hal_rcc.c.obj
                              0x7cde3 (size before relaxing)
 .debug_str     0x0007dc9e      0x339 CMakeFiles/UART.dir/Drivers/STM32F1xx_HAL_Driver/Src/stm32f1xx_hal_gpio.c.obj
                              0x7cd3a (size before relaxing)
 .debug_str     0x0007dfd7      0x2d2 CMakeFiles/UART.dir/Drivers/STM32F1xx_HAL_Driver/Src/stm32f1xx_hal_cortex.c.obj
                              0x7d033 (size before relaxing)
 .debug_str     0x0007e2a9       0x69 CMakeFiles/UART.dir/Core/Src/system_stm32f1xx.c.obj
                              0x7c9b4 (size before relaxing)
 .debug_str     0x0007e312       0x4c CMakeFiles/UART.dir/startup_stm32f103xb.s.obj
                                 0x72 (size before relaxing)
 .debug_str     0x0007e35e       0xda /opt/st/stm32cubeclt_1.16.0/GNU-tools-for-STM32/bin/../lib/gcc/arm-none-eabi/12.3.1/../../../../arm-none-eabi/lib/thumb/v7-m/nofp/libg_nano.a(libc_a-strlen.o)
                                 0xef (size before relaxing)

.comment        0x00000000       0x43
 .comment       0x00000000       0x43 CMakeFiles/UART.dir/Core/Src/main.c.obj
                                 0x44 (size before relaxing)
 .comment       0x00000043       0x44 CMakeFiles/UART.dir/Core/Src/stm32f1xx_it.c.obj
 .comment       0x00000043       0x44 CMakeFiles/UART.dir/Core/Src/stm32f1xx_hal_msp.c.obj
 .comment       0x00000043       0x44 CMakeFiles/UART.dir/Drivers/STM32F1xx_HAL_Driver/Src/stm32f1xx_hal_uart.c.obj
 .comment       0x00000043       0x44 CMakeFiles/UART.dir/Drivers/STM32F1xx_HAL_Driver/Src/stm32f1xx_hal.c.obj
 .comment       0x00000043       0x44 CMakeFiles/UART.dir/Drivers/STM32F1xx_HAL_Driver/Src/stm32f1xx_hal_rcc.c.obj
 .comment       0x00000043       0x44 CMakeFiles/UART.dir/Drivers/STM32F1xx_HAL_Driver/Src/stm32f1xx_hal_gpio.c.obj
 .comment       0x00000043       0x44 CMakeFiles/UART.dir/Drivers/STM32F1xx_HAL_Driver/Src/stm32f1xx_hal_cortex.c.obj
 .comment       0x00000043       0x44 CMakeFiles/UART.dir/Core/Src/system_stm32f1xx.c.obj

.debug_line_str
                0x00000000      0x130
 .debug_line_str
                0x00000000       0x56 CMakeFiles/UART.dir/startup_stm32f103xb.s.obj
 .debug_line_str
                0x00000056       0xda /opt/st/stm32cubeclt_1.16.0/GNU-tools-for-STM32/bin/../lib/gcc/arm-none-eabi/12.3.1/../../../../arm-none-eabi/lib/thumb/v7-m/nofp/libg_nano.a(libc_a-strlen.o)
